// Vitest Snapshot v1, https://vitest.dev/guide/snapshot.html

exports[`CustomHeader > should match the snapshot 1`] = `
<DocumentFragment>
  <header>
    <div
      class="content-center"
    >
      <h1>
        Rick and Morty Explorer
      </h1>
      <p>
        Encuentra a tus personajes favoritos
      </p>
    </div>
  </header>
</DocumentFragment>
`;
